
Memory Configuration

Name             Origin             Length             Attributes
sram             0x10000000         0x00002000
flash            0x00000000         0x00008000
*default*        0x00000000         0xffffffff

Linker script and memory map

LOAD .objs\main.o
LOAD .objs\startup.o
LOAD .objs\system_LPC13xx.o
LOAD c:/program files (x86)/gnu tools arm embedded/6.2 2016q4/bin/../lib/gcc/arm-none-eabi/6.2.1/../../../../arm-none-eabi/lib\libstdc++.a
LOAD c:/program files (x86)/gnu tools arm embedded/6.2 2016q4/bin/../lib/gcc/arm-none-eabi/6.2.1/../../../../arm-none-eabi/lib\libm.a
START GROUP
LOAD c:/program files (x86)/gnu tools arm embedded/6.2 2016q4/bin/../lib/gcc/arm-none-eabi/6.2.1\libgcc.a
LOAD c:/program files (x86)/gnu tools arm embedded/6.2 2016q4/bin/../lib/gcc/arm-none-eabi/6.2.1/../../../../arm-none-eabi/lib\libc.a
END GROUP
                0x10001ff0                _end_stack = 0x10001ff0
                0x00000000                . = ORIGIN (flash)

vectors         0x00000000      0x128
 *(.vectors)
 .vectors       0x00000000      0x128 .objs\startup.o
                0x00000000                vector_table

.text           0x00000128      0x584
 *(.text.startup)
 *(.text .text*)
 .text          0x00000128      0x190 .objs\main.o
                0x000001cc                pin_high
                0x000001f4                pin_low
                0x0000021c                TIMER_32_0_Handler
                0x000002a8                main
 .text          0x000002b8       0x6c .objs\startup.o
                0x000002b8                Reset_Handler
                0x0000031c                HardFault_Handler
                0x0000031c                SysTick_Handler
                0x0000031c                PendSV_Handler
                0x0000031c                NMI_Handler
                0x0000031c                ADC_Handler
                0x0000031c                BOD_Handler
                0x0000031c                EINT3_Handler
                0x0000031c                RESERVED_Handler
                0x0000031c                UsageFault_Handler
                0x0000031c                WDT_Handler
                0x0000031c                TIMER_16_1_Handler
                0x0000031c                DebugMon_Handler
                0x0000031c                Dummy_Handler
                0x0000031c                WAKEUP_Handler
                0x0000031c                I2C_Handler
                0x0000031c                SSP_Handler
                0x0000031c                MemManage_Handler
                0x0000031c                SVC_Handler
                0x0000031c                USB_FIQ_Handler
                0x0000031c                EINT0_Handler
                0x0000031c                UART_Handler
                0x0000031c                EINT2_Handler
                0x0000031c                USB_IRQ_Handler
                0x0000031c                EINT1_Handler
                0x0000031c                TIMER_16_0_Handler
                0x0000031c                TIMER_32_1_Handler
                0x0000031c                BusFault_Handler
 .text          0x00000324      0x388 .objs\system_LPC13xx.o
                0x00000324                SystemCoreClockUpdate
                0x00000588                SystemInit
 *(.rodata)
 *(.rodata*)
                0x000006ac                _end_text = .

.glue_7         0x000006ac        0x0
 .glue_7        0x000006ac        0x0 linker stubs

.glue_7t        0x000006ac        0x0
 .glue_7t       0x000006ac        0x0 linker stubs

.vfp11_veneer   0x000006ac        0x0
 .vfp11_veneer  0x000006ac        0x0 linker stubs

.v4_bx          0x000006ac        0x0
 .v4_bx         0x000006ac        0x0 linker stubs

.iplt           0x000006ac        0x0
 .iplt          0x000006ac        0x0 .objs\main.o

.rel.dyn        0x000006ac        0x0
 .rel.iplt      0x000006ac        0x0 .objs\main.o

.data           0x10000000        0x4 load address 0x000006ac
                0x10000000                _start_data = .
 *(.data)
 .data          0x10000000        0x0 .objs\main.o
 .data          0x10000000        0x0 .objs\startup.o
 .data          0x10000000        0x4 .objs\system_LPC13xx.o
                0x10000000                SystemCoreClock
                0x10000004                _end_data = .

.igot.plt       0x10000004        0x0 load address 0x000006b0
 .igot.plt      0x10000004        0x0 .objs\main.o

.bss            0x10000004        0x0 load address 0x000006b0
                0x10000004                _start_bss = .
 *(.bss)
 .bss           0x10000004        0x0 .objs\main.o
 .bss           0x10000004        0x0 .objs\startup.o
 .bss           0x10000004        0x0 .objs\system_LPC13xx.o
                0x10000004                _end_bss = .
                0x10000004                . = ALIGN (0x4)
                0x10000004                _start_stack = .
                0x10000004                _end = .
                [!provide]                PROVIDE (end, .)
OUTPUT(bin\Release\cao_assignment_ARM_2_2.elf elf32-littlearm)

.comment        0x00000000       0x6e
 .comment       0x00000000       0x6e .objs\main.o
                                 0x6f (size before relaxing)
 .comment       0x0000006e       0x6f .objs\startup.o
 .comment       0x0000006e       0x6f .objs\system_LPC13xx.o

.ARM.attributes
                0x00000000       0x33
 .ARM.attributes
                0x00000000       0x33 .objs\main.o
 .ARM.attributes
                0x00000033       0x33 .objs\startup.o
 .ARM.attributes
                0x00000066       0x33 .objs\system_LPC13xx.o
