
Memory Configuration

Name             Origin             Length             Attributes
sram             0x10000000         0x00002000
flash            0x00000000         0x00008000
*default*        0x00000000         0xffffffff

Linker script and memory map

LOAD .objs\delay.o
LOAD .objs\leddriver.o
LOAD .objs\main.o
LOAD .objs\startup.o
LOAD .objs\system_LPC13xx.o
LOAD c:/program files (x86)/gnu tools arm embedded/6.2 2016q4/bin/../lib/gcc/arm-none-eabi/6.2.1/../../../../arm-none-eabi/lib\libstdc++.a
LOAD c:/program files (x86)/gnu tools arm embedded/6.2 2016q4/bin/../lib/gcc/arm-none-eabi/6.2.1/../../../../arm-none-eabi/lib\libm.a
START GROUP
LOAD c:/program files (x86)/gnu tools arm embedded/6.2 2016q4/bin/../lib/gcc/arm-none-eabi/6.2.1\libgcc.a
LOAD c:/program files (x86)/gnu tools arm embedded/6.2 2016q4/bin/../lib/gcc/arm-none-eabi/6.2.1/../../../../arm-none-eabi/lib\libc.a
END GROUP
                0x10001ff0                _end_stack = 0x10001ff0
                0x00000000                . = ORIGIN (flash)

vectors         0x00000000      0x128
 *(.vectors)
 .vectors       0x00000000      0x128 .objs\startup.o
                0x00000000                vector_table

.text           0x00000128      0xa44
 *(.text.startup)
 *(.text .text*)
 .text          0x00000128       0x88 .objs\delay.o
                0x00000128                init_delay
                0x00000168                delay_ms
                0x0000017c                delay_us
 .text          0x000001b0      0x148 .objs\leddriver.o
                0x000001b0                init_leds
                0x000001ec                get_leds
                0x00000234                toggle_leds
                0x00000290                set_leds
 .text          0x000002f8      0x480 .objs\main.o
                0x000002f8                I2C_init
                0x0000036c                I2C_writeData
                0x0000049a                I2C_readData
                0x00000598                readTemp
                0x0000071e                main
 .text          0x00000778       0x6c .objs\startup.o
                0x00000778                Reset_Handler
                0x000007dc                HardFault_Handler
                0x000007dc                SysTick_Handler
                0x000007dc                PendSV_Handler
                0x000007dc                NMI_Handler
                0x000007dc                ADC_Handler
                0x000007dc                BOD_Handler
                0x000007dc                EINT3_Handler
                0x000007dc                RESERVED_Handler
                0x000007dc                UsageFault_Handler
                0x000007dc                WDT_Handler
                0x000007dc                TIMER_16_1_Handler
                0x000007dc                DebugMon_Handler
                0x000007dc                Dummy_Handler
                0x000007dc                WAKEUP_Handler
                0x000007dc                I2C_Handler
                0x000007dc                TIMER_32_0_Handler
                0x000007dc                SSP_Handler
                0x000007dc                MemManage_Handler
                0x000007dc                SVC_Handler
                0x000007dc                USB_FIQ_Handler
                0x000007dc                EINT0_Handler
                0x000007dc                UART_Handler
                0x000007dc                EINT2_Handler
                0x000007dc                USB_IRQ_Handler
                0x000007dc                EINT1_Handler
                0x000007dc                TIMER_16_0_Handler
                0x000007dc                TIMER_32_1_Handler
                0x000007dc                BusFault_Handler
 .text          0x000007e4      0x388 .objs\system_LPC13xx.o
                0x000007e4                SystemCoreClockUpdate
                0x00000a48                SystemInit
 *(.rodata)
 *(.rodata*)
                0x00000b6c                _end_text = .

.glue_7         0x00000b6c        0x0
 .glue_7        0x00000b6c        0x0 linker stubs

.glue_7t        0x00000b6c        0x0
 .glue_7t       0x00000b6c        0x0 linker stubs

.vfp11_veneer   0x00000b6c        0x0
 .vfp11_veneer  0x00000b6c        0x0 linker stubs

.v4_bx          0x00000b6c        0x0
 .v4_bx         0x00000b6c        0x0 linker stubs

.iplt           0x00000b6c        0x0
 .iplt          0x00000b6c        0x0 .objs\delay.o

.rel.dyn        0x00000b6c        0x0
 .rel.iplt      0x00000b6c        0x0 .objs\delay.o

.data           0x10000000        0xc load address 0x00000b6c
                0x10000000                _start_data = .
 *(.data)
 .data          0x10000000        0x8 .objs\delay.o
 .data          0x10000008        0x0 .objs\leddriver.o
 .data          0x10000008        0x0 .objs\main.o
 .data          0x10000008        0x0 .objs\startup.o
 .data          0x10000008        0x4 .objs\system_LPC13xx.o
                0x10000008                SystemCoreClock
                0x1000000c                _end_data = .

.igot.plt       0x1000000c        0x0 load address 0x00000b78
 .igot.plt      0x1000000c        0x0 .objs\delay.o

.bss            0x1000000c        0x4 load address 0x00000b78
                0x1000000c                _start_bss = .
 *(.bss)
 .bss           0x1000000c        0x4 .objs\delay.o
 .bss           0x10000010        0x0 .objs\leddriver.o
 .bss           0x10000010        0x0 .objs\main.o
 .bss           0x10000010        0x0 .objs\startup.o
 .bss           0x10000010        0x0 .objs\system_LPC13xx.o
                0x10000010                _end_bss = .
                0x10000010                . = ALIGN (0x4)
                0x10000010                _start_stack = .
                0x10000010                _end = .
                [!provide]                PROVIDE (end, .)
OUTPUT(bin\Release\cao_assignment_ARM_3_1.elf elf32-littlearm)

.comment        0x00000000       0x6e
 .comment       0x00000000       0x6e .objs\delay.o
                                 0x6f (size before relaxing)
 .comment       0x0000006e       0x6f .objs\leddriver.o
 .comment       0x0000006e       0x6f .objs\main.o
 .comment       0x0000006e       0x6f .objs\startup.o
 .comment       0x0000006e       0x6f .objs\system_LPC13xx.o

.ARM.attributes
                0x00000000       0x33
 .ARM.attributes
                0x00000000       0x33 .objs\delay.o
 .ARM.attributes
                0x00000033       0x33 .objs\leddriver.o
 .ARM.attributes
                0x00000066       0x33 .objs\main.o
 .ARM.attributes
                0x00000099       0x33 .objs\startup.o
 .ARM.attributes
                0x000000cc       0x33 .objs\system_LPC13xx.o
