
Memory Configuration

Name             Origin             Length             Attributes
sram             0x10000000         0x00002000
flash            0x00000000         0x00008000
*default*        0x00000000         0xffffffff

Linker script and memory map

LOAD .objs\main.o
LOAD .objs\startup.o
LOAD .objs\system_LPC13xx.o
LOAD c:/program files (x86)/gnu tools arm embedded/6.2 2016q4/bin/../lib/gcc/arm-none-eabi/6.2.1/../../../../arm-none-eabi/lib\libstdc++.a
LOAD c:/program files (x86)/gnu tools arm embedded/6.2 2016q4/bin/../lib/gcc/arm-none-eabi/6.2.1/../../../../arm-none-eabi/lib\libm.a
START GROUP
LOAD c:/program files (x86)/gnu tools arm embedded/6.2 2016q4/bin/../lib/gcc/arm-none-eabi/6.2.1\libgcc.a
LOAD c:/program files (x86)/gnu tools arm embedded/6.2 2016q4/bin/../lib/gcc/arm-none-eabi/6.2.1/../../../../arm-none-eabi/lib\libc.a
END GROUP
                0x10001ff0                _end_stack = 0x10001ff0
                0x00000000                . = ORIGIN (flash)

vectors         0x00000000      0x128
 *(.vectors)
 .vectors       0x00000000      0x128 .objs\startup.o
                0x00000000                vector_table

.text           0x00000128      0x568
 *(.text.startup)
 *(.text .text*)
 .text          0x00000128      0x174 .objs\main.o
                0x0000019c                pin_high
                0x000001c4                pin_low
                0x0000024c                main
 .text          0x0000029c       0x6c .objs\startup.o
                0x0000029c                Reset_Handler
                0x00000300                HardFault_Handler
                0x00000300                SysTick_Handler
                0x00000300                PendSV_Handler
                0x00000300                NMI_Handler
                0x00000300                ADC_Handler
                0x00000300                BOD_Handler
                0x00000300                EINT3_Handler
                0x00000300                RESERVED_Handler
                0x00000300                UsageFault_Handler
                0x00000300                WDT_Handler
                0x00000300                TIMER_16_1_Handler
                0x00000300                DebugMon_Handler
                0x00000300                Dummy_Handler
                0x00000300                WAKEUP_Handler
                0x00000300                I2C_Handler
                0x00000300                TIMER_32_0_Handler
                0x00000300                SSP_Handler
                0x00000300                MemManage_Handler
                0x00000300                SVC_Handler
                0x00000300                USB_FIQ_Handler
                0x00000300                EINT0_Handler
                0x00000300                UART_Handler
                0x00000300                EINT2_Handler
                0x00000300                USB_IRQ_Handler
                0x00000300                EINT1_Handler
                0x00000300                TIMER_16_0_Handler
                0x00000300                TIMER_32_1_Handler
                0x00000300                BusFault_Handler
 .text          0x00000308      0x388 .objs\system_LPC13xx.o
                0x00000308                SystemCoreClockUpdate
                0x0000056c                SystemInit
 *(.rodata)
 *(.rodata*)
                0x00000690                _end_text = .

.glue_7         0x00000690        0x0
 .glue_7        0x00000690        0x0 linker stubs

.glue_7t        0x00000690        0x0
 .glue_7t       0x00000690        0x0 linker stubs

.vfp11_veneer   0x00000690        0x0
 .vfp11_veneer  0x00000690        0x0 linker stubs

.v4_bx          0x00000690        0x0
 .v4_bx         0x00000690        0x0 linker stubs

.iplt           0x00000690        0x0
 .iplt          0x00000690        0x0 .objs\main.o

.rel.dyn        0x00000690        0x0
 .rel.iplt      0x00000690        0x0 .objs\main.o

.data           0x10000000        0x4 load address 0x00000690
                0x10000000                _start_data = .
 *(.data)
 .data          0x10000000        0x0 .objs\main.o
 .data          0x10000000        0x0 .objs\startup.o
 .data          0x10000000        0x4 .objs\system_LPC13xx.o
                0x10000000                SystemCoreClock
                0x10000004                _end_data = .

.igot.plt       0x10000004        0x0 load address 0x00000694
 .igot.plt      0x10000004        0x0 .objs\main.o

.bss            0x10000004        0x0 load address 0x00000694
                0x10000004                _start_bss = .
 *(.bss)
 .bss           0x10000004        0x0 .objs\main.o
 .bss           0x10000004        0x0 .objs\startup.o
 .bss           0x10000004        0x0 .objs\system_LPC13xx.o
                0x10000004                _end_bss = .
                0x10000004                . = ALIGN (0x4)
                0x10000004                _start_stack = .
                0x10000004                _end = .
                [!provide]                PROVIDE (end, .)
OUTPUT(bin\Release\cao_assignment_ARM_2.elf elf32-littlearm)

.comment        0x00000000       0x6e
 .comment       0x00000000       0x6e .objs\main.o
                                 0x6f (size before relaxing)
 .comment       0x0000006e       0x6f .objs\startup.o
 .comment       0x0000006e       0x6f .objs\system_LPC13xx.o

.ARM.attributes
                0x00000000       0x33
 .ARM.attributes
                0x00000000       0x33 .objs\main.o
 .ARM.attributes
                0x00000033       0x33 .objs\startup.o
 .ARM.attributes
                0x00000066       0x33 .objs\system_LPC13xx.o
